// Jest Snapshot v1, https://goo.gl/fbAQLP

exports[`"ErrorMessage" renders 1`] = `
.emotion-3 {
  background: rgb(247,248,250);
  -webkit-transition: background 0.15s;
  transition: background 0.15s;
}

.emotion-2 {
  -webkit-align-items: flex-start;
  -webkit-box-align: flex-start;
  -ms-flex-align: flex-start;
  align-items: flex-start;
  display: -webkit-box;
  display: -webkit-flex;
  display: -ms-flexbox;
  display: flex;
  -webkit-flex-direction: row;
  -ms-flex-direction: row;
  flex-direction: row;
  -webkit-flex-wrap: nowrap;
  -ms-flex-wrap: nowrap;
  flex-wrap: nowrap;
  -webkit-box-pack: start;
  -webkit-justify-content: flex-start;
  -ms-flex-pack: start;
  justify-content: flex-start;
  -webkit-align-items: center;
  -webkit-box-align: center;
  -ms-flex-align: center;
  align-items: center;
  display: -webkit-box;
  display: -webkit-flex;
  display: -ms-flexbox;
  display: flex;
  -webkit-flex-direction: row;
  -ms-flex-direction: row;
  flex-direction: row;
  -webkit-flex-wrap: nowrap;
  -ms-flex-wrap: nowrap;
  flex-wrap: nowrap;
  -webkit-box-pack: center;
  -webkit-justify-content: center;
  -ms-flex-pack: center;
  justify-content: center;
  margin-bottom: 12px;
}

.emotion-2 a {
  color: rgb(52,56,59);
  display: inline;
  font-size: 11px;
  font-weight: 300;
  opacity: 1;
  text-align: left;
  text-transform: none;
  cursor: pointer;
  -webkit-text-decoration: none;
  text-decoration: none;
  -webkit-transition: all 0.24s;
  transition: all 0.24s;
}

.emotion-2 a:hover {
  color: rgb(44,47,50);
}

.emotion-2 a:visited,
.emotion-2 a:link,
.emotion-2 a:active {
  color: rgb(52,56,59);
}

.emotion-0 {
  fill: rgb(52,56,59);
  overflow: visible;
}

.emotion-1 {
  color: #e02020;
  display: inline;
  font-size: 11px;
  font-weight: 300;
  opacity: 1;
  text-align: left;
  text-transform: none;
}

<div
  className="emotion-3"
>
  <div
    className="emotion-2"
  >
    <svg
      className="emotion-0"
      height={12}
      style={
        Object {
          "marginRight": "8px",
        }
      }
      viewBox="0 0 13 12"
      width={13}
    >
      <g>
        <g
          fill="none"
          fillRule="evenodd"
          transform="translate(.5 .333)"
        >
          <circle
            cx="6"
            cy="6"
            fill="#E02020"
            r="6"
          />
          <text
            fill="#FFF"
            fontFamily="SFProText-Heavy, SF Pro Text"
            fontSize="9"
            fontWeight="600"
          >
            <tspan
              x="4.291"
              y="9"
            >
              !
            </tspan>
          </text>
        </g>
      </g>
    </svg>
    <span
      className="emotion-1"
    >
      ErrorMessage
    </span>
  </div>
</div>
`;
