// Jest Snapshot v1, https://goo.gl/fbAQLP

exports[`"ErrorMessage" renders 1`] = `
.emotion-0 {
  background: #edeff0;
  -webkit-transition: background 0.15s;
  transition: background 0.15s;
}

.emotion-1 {
  -webkit-align-items: flex-start;
  -webkit-box-align: flex-start;
  -ms-flex-align: flex-start;
  align-items: flex-start;
  display: -webkit-box;
  display: -webkit-flex;
  display: -ms-flexbox;
  display: flex;
  -webkit-flex-direction: row;
  -ms-flex-direction: row;
  flex-direction: row;
  -webkit-box-flex-wrap: nowrap;
  -webkit-flex-wrap: nowrap;
  -ms-flex-wrap: nowrap;
  flex-wrap: nowrap;
  -webkit-box-pack: start;
  -ms-flex-pack: start;
  -webkit-justify-content: flex-start;
  justify-content: flex-start;
  -webkit-align-items: center;
  -webkit-box-align: center;
  -ms-flex-align: center;
  align-items: center;
  display: -webkit-box;
  display: -webkit-flex;
  display: -ms-flexbox;
  display: flex;
  -webkit-flex-direction: row;
  -ms-flex-direction: row;
  flex-direction: row;
  -webkit-box-flex-wrap: nowrap;
  -webkit-flex-wrap: nowrap;
  -ms-flex-wrap: nowrap;
  flex-wrap: nowrap;
  -webkit-box-pack: start;
  -ms-flex-pack: start;
  -webkit-justify-content: flex-start;
  justify-content: flex-start;
  margin-bottom: 12px;
}

.emotion-1 a {
  color: rgb(29, 30, 31);
  display: inline;
  font-size: 12px;
  font-weight: 300;
  text-align: left;
  text-transform: none;
  cursor: pointer;
  -webkit-text-decoration: none;
  text-decoration: none;
  -webkit-transition: all 0.24s;
  transition: all 0.24s;
}

.emotion-1 a:visited,
.emotion-1 a:link,
.emotion-1 a:active {
  color: rgb(29, 30, 31);
}

.emotion-1 a:hover {
  -webkit-filter: brightness(70%);
  filter: brightness(70%);
}

.emotion-2 {
  color: #c20013;
  display: inline;
  font-size: 12px;
  font-weight: 300;
  text-align: left;
  text-transform: none;
  font-weight: 400;
}

<div
  className="emotion-0"
>
  <div
    className="emotion-1"
  >
    <span
      className="emotion-2"
    >
      ErrorMessage
    </span>
  </div>
</div>
`;
