// Jest Snapshot v1, https://goo.gl/fbAQLP

exports[`"Form" renders 1`] = `
.emotion-0 {
  display: -webkit-box;
  display: -webkit-flex;
  display: -ms-flexbox;
  display: flex;
  -webkit-flex-direction: column;
  -ms-flex-direction: column;
  flex-direction: column;
  -webkit-box-pack: justify;
  -webkit-justify-content: space-between;
  -ms-flex-pack: justify;
  justify-content: space-between;
  margin-bottom: 0;
  width: 100%;
}

<form
  className="emotion-0"
>
  Form
</form>
`;
