// Jest Snapshot v1, https://goo.gl/fbAQLP

exports[`"Form" renders 1`] = `
.emotion-0 {
  background: #edeff0;
  -webkit-transition: background 0.15s;
  transition: background 0.15s;
}

.emotion-1 {
  display: -webkit-box;
  display: -webkit-flex;
  display: -ms-flexbox;
  display: flex;
  -webkit-flex-direction: column;
  -ms-flex-direction: column;
  flex-direction: column;
  -webkit-box-pack: justify;
  -webkit-justify-content: space-between;
  justify-content: space-between;
  margin-bottom: 0;
  width: 100%;
}

<div
  className="emotion-0"
>
  <form
    className="emotion-1"
  >
    Form
  </form>
</div>
`;
